// Jest Snapshot v1, https://goo.gl/fbAQLP

exports[`ColorBox Renders ColorBox correctly 1`] = `
<DocumentFragment>
  <div
    class="flex flex-col rounded-lg shadow-lg w-26 h-39 dark:bg-white"
  >
    <div
      class="h-20 bg-gray-25 rounded-t-lg"
    />
    <div
      class="mx-3 my-3"
    >
      <p
        class="text-lg font-medium text-gray-900"
      >
        25
      </p>
      <p
        class="text-md font-normal text-gray-500"
      >
        #FCFCFD
      </p>
    </div>
  </div>
  <div
    class="flex flex-col rounded-lg shadow-lg w-26 h-39 dark:bg-white"
  >
    <div
      class="h-20 bg-gray-50 rounded-t-lg"
    />
    <div
      class="mx-3 my-3"
    >
      <p
        class="text-lg font-medium text-gray-900"
      >
        50
      </p>
      <p
        class="text-md font-normal text-gray-500"
      >
        #F9FAFB
      </p>
    </div>
  </div>
  <div
    class="flex flex-col rounded-lg shadow-lg w-26 h-39 dark:bg-white"
  >
    <div
      class="h-20 bg-gray-100 rounded-t-lg"
    />
    <div
      class="mx-3 my-3"
    >
      <p
        class="text-lg font-medium text-gray-900"
      >
        100
      </p>
      <p
        class="text-md font-normal text-gray-500"
      >
        #F2F4F7
      </p>
    </div>
  </div>
  <div
    class="flex flex-col rounded-lg shadow-lg w-26 h-39 dark:bg-white"
  >
    <div
      class="h-20 bg-gray-200 rounded-t-lg"
    />
    <div
      class="mx-3 my-3"
    >
      <p
        class="text-lg font-medium text-gray-900"
      >
        200
      </p>
      <p
        class="text-md font-normal text-gray-500"
      >
        #E4E7EC
      </p>
    </div>
  </div>
</DocumentFragment>
`;
